[backblue.gif]
[fade.gif]
[index.html]
[shayshab.xyz/images/about3.jpg]
[shayshab.xyz/images/one.jpg]
[shayshab.xyz/images/two.jpg]
[shayshab.xyz/images/three.jpg]
[shayshab.xyz/images/work-1.jpg]
[shayshab.xyz/images/work-2.jpg]
[shayshab.xyz/images/work-3.jpg]
[shayshab.xyz/images/work-4.jpg]
[shayshab.xyz/images/work-5.jpg]
[shayshab.xyz/images/work-6.jpg]
[shayshab.xyz/images/image_1.jpg]
[shayshab.xyz/images/image_2.jpg]
[shayshab.xyz/images/image_3.jpg]
[shayshab.xyz/images/bg_1.jpg]
[shayshab.xyz/js/jquery.min.js]
[shayshab.xyz/js/jquery-migrate-3.0.1.min.js]
[shayshab.xyz/js/popper.min.js]
[shayshab.xyz/js/bootstrap.min.js]
[shayshab.xyz/js/jquery.easing.1.3.js]
[shayshab.xyz/js/jquery.waypoints.min.js]
[shayshab.xyz/js/jquery.stellar.min.js]
[shayshab.xyz/js/owl.carousel.min.js]
[shayshab.xyz/js/jquery.magnific-popup.min.js]
[shayshab.xyz/js/aos.js]
[shayshab.xyz/js/jquery.animateNumber.min.js]
[shayshab.xyz/js/scrollax.min.js]
[shayshab.xyz/js/main.js]
[shayshab.xyz/index.html]
[shayshab.xyz/fonts/open-iconic/open-iconic.eot]
[shayshab.xyz/fonts/open-iconic/open-iconic.woff]
[shayshab.xyz/fonts/open-iconic/open-iconic.ttf]
[shayshab.xyz/fonts/open-iconic/open-iconicd41d.eot]
[shayshab.xyz/fonts/open-iconic/open-iconic.otf]
[shayshab.xyz/css/open-iconic-bootstrap.min.css]
[shayshab.xyz/css/animate.css]
[shayshab.xyz/css/owl.carousel.min.css]
[shayshab.xyz/css/owl.theme.default.min.css]
[shayshab.xyz/css/magnific-popup.css]
[shayshab.xyz/css/aos.css]
[shayshab.xyz/fonts/ionicons/fonts/ionicons580c.eot]
[shayshab.xyz/fonts/ionicons/fonts/ionicons580c.woff2]
[shayshab.xyz/fonts/ionicons/fonts/ionicons580c.woff]
[shayshab.xyz/fonts/ionicons/fonts/ionicons580c.ttf]
[shayshab.xyz/css/ionicons.min.css]
[shayshab.xyz/fonts/flaticon/font/Flaticon.eot]
[shayshab.xyz/fonts/flaticon/font/Flaticond41d.eot]
[shayshab.xyz/fonts/flaticon/font/Flaticon.woff]
[shayshab.xyz/fonts/flaticon/font/Flaticon.ttf]
[shayshab.xyz/css/flaticon.css]
[shayshab.xyz/fonts/icomoon/icomoonccfb.eot]
[shayshab.xyz/fonts/icomoon/icomoonccfb.ttf]
[shayshab.xyz/fonts/icomoon/icomoonccfb.woff]
[shayshab.xyz/css/icomoon.css]
[shayshab.xyz/css/style.css]
[shayshab.xyz/index-2.html]
[shayshab.xyz/images/person_1.jpg]
[shayshab.xyz/single.html]
[shayshab.xyz/fonts/open-iconic/open-iconic.svg]
[shayshab.xyz/fonts/ionicons/fonts/ionicons580c.svg]
[shayshab.xyz/fonts/flaticon/font/Flaticon.svg]
[shayshab.xyz/fonts/icomoon/icomoonccfb.svg]
[shayshab.xyz/shayshab@gmail.html]
[shayshab.xyz/css/owl.video.play.html]
[shayshab.xyz/blog.html]
[shayshab.xyz/images/image_4.html]
